
18911339697
8983936914
19657982577
15074448803
12053698779
11352913007
12259522532
13564490153
14521400913
13887184248
12454510943
14717809138
15025008355
10530893335
3507546013
14915245056
3501589613
10290207451
14502034121
11030144057
13772529858
17430966124
10268295741
12120411181
14022099183
17468329087
4866404572
18997571518
10689342662
5492792352
19986476705
10378602160
19619537562
18817755378
11472813912
14039943076
12533272295
14830789988
3350942214
3702504807
7504609074
10195957361
15056828345
10702116124
18271277954
14535932039
4779385371
9428853838
10735871216
12272853122
12165349789
14037693513
15026032379
12478574029
19609558067
12016481984
13991487293
11364642803
10883619592
12009599708
17361214164
14851997860
3759731987
18541444804
19046604207
10516626292
18647554441
9388960240
10530893200
12757074297
10979506477
10834484579
12120312073
16594602925
18054528117
17701739426
16742278745
10526306247
18997344919
7924448175
10794770379
12454701605
10462969285
9436172968
10982294096
14085729687
21554568768
10749614855
14860710801
10945354632
5846143864
10596616230
12584858635
14977507929
21171820349
7038141076
3864141586
3596356044
13859659261
6509739830
18541444720
12654445570
10335617974
18346854929
15540101970
14799247374
18346854889
17683033120
12922776132
20562474785
9469305836
11909668988
17458683198
13782605207
12245976390
7988172980
13981144674
13991298801
14501761319
3099475696
19363123480
10181237281
18849443373
3223191974
14948480255
12370222856
6665930021
10842710734
18172486547
10569957801
7046245032
17968218478
13561259276
14915501485
3120313064
12134348836
3392596122
14390988412
11901188558
13828868004
13782796807
6584405047
3210560566
3052081975
14193795924
3332393385
19570107306
21088677213
17488124230
16533124109
20787464495
11595113997
4334703334
6149050598
16568518154
18839638777
3438076854
18896710127
8037789716
3026711686
14579291954
15025802360
13772129030
5289149306
16378204331
10689342383
3036875659
14411789313
12165282568
10485350877
10696377534
19823120755
10925974458
14427101878
14637114699
14819075312
18172486520
19823120743
14161688219
6732920339
21271821370
12259242450
8608696140
14411907918
19857064602
12000859402
18541444741
5498153205
2404824724
16603700588
17286621785
10940037389
9629840240
20004625776
15809150711
3799701222
9594660784
8965631099
10876909772
11894611344
18346855009
12478772777
14469007441
10903480735
18766575468
15069300022
16089951544
14934984013
10707282787
10451124572
8493438280
14019096698
8001019292
12030661875
10563382015
12023175186
10518839404
12561387784
3973607531
10888501522
9298339564
14626128925
11365483476
11901319831
17597055095
19653766983
8976743923
9208164656
14705920378
17779396398
8687776520
17670823708
12155816823
10505397147
13862725943
11969802970
12454815115
12174419088
18867730596
12053601626
10212450208
12155370007
14357312271
3785922145
10734831564
20510413026
12007368772
11326091741
16558142255
18172486561
17410962823
12201327549
8061961572
9481187633
10458751617
17241884901
14947931622
17109452515
21257041069
17511858056
9126933829
11909611504
10596606248
11023181139
13722499628
18935242173
14687161709
18541444772
9780043787
14330038493
3857668637
10335689267
9101631978
2500579386
11142458496
19823120773
10796036392
9645219783
12373764609
8268892739
15057569150
12186772217
15620473401
18172486501
2746632961
10840539290
20810762639
7496369690
12718996157
13772229981
2670500195
13741685383
18346854820
19573260164
2395253973
10458751287
5211235154
6898838252
5503506679
17968218466
12571749691
14797596718
17783647480
2928875408
2459886170
20641745871
19878912584
10516487167
17566875605
18412304230
21406603771
15072835406
17968218447
13950805513
21294063966
12533091159
14935059231
14576277626
14737207267
11561708391
14845104351
14977316799
18684780354
3574343712
13858319524
2395254268
2416451474
13876940112
5354316042
13963207011
10740703940
5492798759
19709813196
14069674242
14935416522
19575292556
15038059983
12912542125
3233015170
10975088958
2928875148
10953703196
18412304213
9528301503
17634643613
10987150713
4003506875
13828868778
10309028417
19767226989
8066845164
10735813051
3250965979
15506919274
14706233812
17907193957
12716900154
10979944429
17245935088
19823120761
16926874122
10423770361
12165282392
19550187692
5149758180
10308766411
10754532944
21554413243
13962978907
5394473944
19197379660
14620034361
5548282938
10425814170
10433012180
14863770708
13536191115
11719755651
17524487506
9370185630
12023174679
10982249259
10735470331
14879393229
17543686952
14966321241
3867988154
17907194029
14699534323
12036050070
13708450075
11389193219
3498480676
21555030201
18862791099
11969676840
7398513315
10693775433
3589155178
14947972310
3998345099
10754533363